<!DOCTYPE html>
<html>
<head>
	<title>gulp-inject</title>
</head>
<body>
	<div>In partial 1</div>
	<div>In partial 2</div>
</body>
</html>