<!DOCTYPE html>
<html>
<head>
	<title>gulp-inject</title>
</head>
<body>
	<!-- partial:partialBOM.html -->
	<div>In partial with BOM</div>
	<!-- partial -->
</body>
</html>