<!DOCTYPE html>
<html>
<head>
	<title>gulp-inject</title>
</head>
<body>
	<!-- partial:partial1.html -->
	<div>In partial 1</div>
	<!-- partial -->
	<!-- partial:partial2.html -->
	<div>In partial 2</div>
	<!-- partial -->
</body>
</html>