<!DOCTYPE html>
<html>
<head>
  <title>gulp-inject</title>
</head>
<body>
<!-- partial:partial5.html -->
<div>In partial 5</div>
<!-- partial -->
</body>
</html>