<!DOCTYPE html>
<html>
<head>
	<title>gulp-inject</title>
</head>
<body>
	<##:partial1.html>
	<div>In partial 1</div>
	</##>
</body>
</html>